activate-power-mode
alias-command
ansible-snippets
atom-arc-ui
atom-darker-ui
atom-fuzzy-grep
autocomplete
blame
branch-status
color-picker
dark-monokai-batch
emmet
emmet-snippets-compatibility
file-icons
git-control
git-diff-details
git-history
git-log
git-plus
git-projects
git-status
git-time-machine
highlight-line
hyperclick
isearch
json-schema
language-ansible
language-apache
language-chef
language-docker
language-nginx
language-terraform
language-varnish
language-viml
linter
linter-foodcritic
merge-conflicts
minimap
minimap-cursorline
minimap-find-and-replace
minimap-git-diff
minimap-split-diff
monokai-arc
monokai-seti
monokai-syntax-for-one-dark
nil-one-syntax
one-dark-atom
one-dark-dim-syntax
one-darker-syntax
one-sharp-syntax
pain-split
set-syntax
seti-syntax
seti-ui
split-diff
symbols-tree-view
term3
tree-view-git-status
vim-mode-plus
vim-mode-plus-ex-mode
vim-mode-plus-jasmine-increase-focus
vim-mode-plus-move-selected-text
vim-mode-plus-move-to-symbols
vim-mode-plus-project-find-from-search
vim-mode-plus-replace-with-execution
vim-mode-plus-subword-movement
