activate-power-mode
alias-command
ansible-snippets
ansible-vault
atom-beautify
atom-fuzzy-grep
atom-hide-tabs
atom-ide-ui
atom-shell-commands
atom-vim-colon-command-on-command-pallete
atom-vim-like-tab
autocomplete
automate-power-mode
blame
branch-status
busy-signal
choose-pane
clip-history
color-picker
cursor-history
dark-monokai-batch
dracula-syntax
dracula-ui
emmet
emmet-snippets-compatibility
erb-snippets
ex-mode
ex-mode-sort
f5-networks-iRules
file-icons
git-control
git-diff-details
git-history
git-log
git-plus
git-projects
git-status
git-time-machine
highlight-line
hyperclick
ide-go
ide-json
ide-python
intentions
json-schema
language-ansible
language-apache
language-chef
language-docker
language-lua
language-nginx
language-terraform
language-varnish
language-viml
linter
linter-docker
linter-foodcritic
linter-jsonlint
linter-lua
linter-rubocop
linter-ruby
linter-ui-default
merge-conflicts
minimap
minimap-cursorline
minimap-find-and-replace
minimap-git-diff
minimap-split-diff
monokai-arc
monokai-seti
monokai-syntax-for-one-dark
nil-one-syntax
one-dark-atom
one-dark-dim-syntax
one-darker-syntax
one-sharp-syntax
open-this
pain-split
paner
quick-query
quick-query-mssql
quick-query-sqlite
rubocop-auto-correct
ruby-block-converter
scroll-searcher
set-syntax
split-diff
symbols-tree-view
terraform-fmt
tool-bar
tool-bar-atom
tree-view-git-branch
tree-view-git-status
vim-mode-plus
vim-mode-plus-duplicate
vim-mode-plus-exchange
vim-mode-plus-jasmine-increase-focus
vim-mode-plus-keymaps-for-surround
vim-mode-plus-move-selected-text
vim-mode-plus-move-to-symbols
vim-mode-plus-replace-with-execution
