activate-power-mode
alias-command
ansible-snippets
atom-beautify
atom-fuzzy-grep
atom-hide-tabs
atom-shell-commands
atom-vim-like-tab
autocomplete
automate-power-mode
blame
branch-status
choose-pane
clip-history
color-picker
cursor-history
dark-monokai-batch
emmet
emmet-snippets-compatibility
erb-snippets
f5-networks-iRules
file-icons
git-control
git-diff-details
git-history
git-log
git-plus
git-projects
git-status
git-time-machine
highlight-line
hyperclick
isearch
json-schema
language-ansible
language-apache
language-chef
language-docker
language-nginx
language-terraform
language-varnish
language-viml
linter
linter-foodcritic
linter-jsonlint
linter-rubocop
linter-ruby
merge-conflicts
minimap
minimap-cursorline
minimap-find-and-replace
minimap-git-diff
minimap-split-diff
monokai-arc
monokai-seti
monokai-syntax-for-one-dark
nil-one-syntax
one-dark-atom
one-dark-dim-syntax
one-darker-syntax
one-sharp-syntax
open-this
pain-split
paner
quick-query
quick-query-mssql
quick-query-sqlite
ruby-block-converter
scroll-searcher
set-syntax
split-diff
symbols-tree-view
tool-bar
tool-bar-atom
tree-view-git-branch
tree-view-git-status
vim-mode-plus
vim-mode-plus-ex-mode
vim-mode-plus-jasmine-increase-focus
vim-mode-plus-move-selected-text
vim-mode-plus-move-to-symbols
vim-mode-plus-project-find-from-search
vim-mode-plus-replace-with-execution
vim-mode-plus-subword-movement
