ack
ansible
ansible-lint
archivemount
asciinema
avfs
awless
aws-shell
awscli
azure-cli
bash
bash-completion
bat
bbl
binutils
bosh-cli
bosh-init
brew-cask
brew-cask-completion
brew-pip
browsh
cask
ccat
certbot
cf-cli
cfssl
cmake
coffeescript
colordiff
compose2kube
consul-template
cookiecutter
coreutils
credhub-cli
csvkit
curl
dark-mode
dateutils
dep
docker-completion
docker-compose-completion
docker-ls
ec2-ami-tools
ec2-api-tools
egison
elktail
exa
exif
exiftool
fd
findutils
gawk
git
git-secrets
godep
gotty
graphicsmagick
graphviz
gron
groovy
hab
hadolint
highlight
htop
httpie
hub
imagemagick
ipcalc
iproute2mac
jid
jq
jruby
jsmin
jsonnet
kompose
kops
kube-aws
kubectx
kubernetes-cli
kubernetes-helm
legit
macvim
mas
molecule
moreutils
mtr
ncdu
neovim
ngrep
nmap
node
openshift-cli
openssl
packer
pet
pipenv
pre-commit
prettyping
pyenv
pyenv-virtualenv
python
ranger
rbac-lookup
reattach-to-user-namespace
remarshal
rename
rust
s3cmd
shellcheck
siege
source-highlight
telnet
terraform
terraform-docs
terragrunt
the_silver_searcher
thefuck
tig
tldr
tmux
tmux-xpanes
tree
ttyd
ufraw
vagrant-completion
vault
vim
w3m
watch
wget
whois
xhyve
yarn
yq
