ack-grep
apt
asciinema
bash
bash-completion
binutils
boost
boost-dev
busybox
c-ares
ca-certificates
clang
cmake
colordiff
command-not-found
coreutils
curl
dash
diffutils
dnsutils
dpkg
file
findutils
gawk
gdbm
gettext
git
glib
gnupg
golang
gpgv
grep
htop
jq
jsoncpp
ldns
less
libandroid-glob
libandroid-support
libandroid-support-dev
libarchive
libbz2
libc++
libcroco
libcrypt
libcrypt-dev
libcurl
libedit
libevent
libexpat
libffi
libffi-dev
libgc
libgmp
libgnustl
libidn
libllvm
liblua
liblzma
libmpfr
libmsgpack
libnghttp2
libpcap
libprotobuf
libsqlite
libtalloc
libtermkey
libunibilium
libunistring
libutil
libuuid
libuv
libvterm
libxml2
libyaml
make
man
mosh
ncurses
ncurses-ui-libs
ncurses-utils
ndk-stl
ndk-sysroot
neofetch
neovim
net-tools
netcat
nmap
nodejs-current
openssh
openssl
openssl-dev
openssl-tool
pcre
pcre2
perl
procps
proot
python
python-dev
ranger
readline
resolv-conf
rhash
ruby
ruby-dev
screenfetch
silversearcher-ag
tar
termux-am
termux-api
termux-elf-cleaner
termux-exec
termux-tools
tmux
tracepath
tree
util-linux
vim-python
vim-runtime
w3m
wget
xz-utils
