"http://dl.bintray.com/aluxian/deb stable main"
"https://packagecloud.io/JonasGroeger/soundnode/ubuntu/ yakkety main"
"http://repository.spotify.com stable non-free"
"https://apt.dockerproject.org/repo ubuntu-yakkety testing"
"http://debian.sur5r.net/i3/ yakkety universe"
"http://downloads.hipchat.com/linux/apt stable main"
"[arch=amd64] http://dl.google.com/linux/chrome/deb/ stable main"
"https://atlassian.artifactoryonline.com/atlassian/hipchat-apt-client yakkety main"
"https://tel.red/repos/ubuntu yakkety non-free"
"http://archive.ubuntu.com/ubuntu yakkety main restricted"
"http://archive.ubuntu.com/ubuntu yakkety-updates main restricted"
"http://archive.ubuntu.com/ubuntu yakkety universe"
"http://archive.ubuntu.com/ubuntu yakkety-updates universe"
"http://archive.ubuntu.com/ubuntu yakkety multiverse"
"http://archive.ubuntu.com/ubuntu yakkety-updates multiverse"
"http://archive.ubuntu.com/ubuntu yakkety-backports main restricted universe multiverse"
"http://archive.canonical.com/ubuntu yakkety partner"
"http://archive.ubuntu.com/ubuntu yakkety-security main restricted"
"http://archive.ubuntu.com/ubuntu yakkety-security universe"
"http://archive.ubuntu.com/ubuntu yakkety-security multiverse"
"http://archive.ubuntu.com/ubuntu yakkety-proposed multiverse restricted main universe"
