# chunkwm
# chunkwm-blur
# docker
# docker-completion
# docker-compose-completion
# helm
# kubernetes-cli
# macvim
# rust
# tldr
# uutils-coreutils
1password
1password-cli
ack
ansible
ansible-lint
archivemount
asciinema
asdf
autopep8
avfs
awless
aws-iam-authenticator
aws-shell
awscli
azure-cli
bandwhich
bash
bash-completion@2
bat
bat-extras
bats
bbl
bfg
binutils
blackbox
bosh-cli
bosh-init
brew-cask-completion
brew-pip
broot
browsh
calicoctl
cask
catimg
ccat
certbot
cf-cli
cfssl
chafa
chpharos
cmake
coffeescript
colordiff
consul-template
cookiecutter
coreutils
credhub-cli
csvkit
ctags
curl
dark-mode
dateutils
dep
devspace
direnv
displayplacer
dive
dnscrypt-proxy
docker-ls
dust
ec2-ami-tools
ec2-api-tools
egison
eksctl
elktail
exa
exif
exiftool
faq
fd
fff
findutils
fluxctl
gawk
gcal
gh
git
git-credential-manager
git-delta
git-quick-stats
git-secrets
gnu-getopt
gnu-sed
gnu-tar
gnu-time
go-jira
godep
golang
golangci-lint
goreleaser
gotags
gotty
graphicsmagick
graphviz
grc
grex
gron
groovy
grv
hab
hadolint
helm-docs
helmenv
helmfile
helmsman
highlight
homeport/tap/dyff
htop
httpie
httpstat
hub
hyperfine
imagemagick
imgpkg
inframap
inlets
ipcalc
iproute2mac
jc
jid
jj
jq
jql
jruby
jsmin
jsonnet
jsonnet-bundler
jwt-cli
k3d
k9s
kakoune
kapp
kbenv
kbld
kind
kompose
kops
kube-aws
kubebuilder
kubectx
kustomize
kwt
lab
lazydocker
legit
lesspipe
lf
libmagic
libsecret
llvm
make
mas
mercurial
moreutils
mtr
ncdu
neofetch
neovim
ngrep
nmap
node
nushell
openshift-cli
openssl
operator-sdk
p7zip
packer
pdsh
peco
pet
pipenv
popeye
pre-commit
prettyping
procs
pssh
pstree
pt
pulumi
pv
pyenv
pyenv-virtualenv
python
rancher-cli
ranger
rbac-lookup
reattach-to-user-namespace
remarshal
rename
ripgrep
rke
s3cmd
sampler
scrcpy
sd
shellcheck
siege
sipcalc
skaffold
skhd
skopeo
socat
sops
source-highlight
speedtest-cli
starship
stern
tanka
tcptraceroute
tealdeer
telepresence
telnet
terrafile
terraform
terraform-docs
terraform-ls
terraformer
terragrunt
the_silver_searcher
thefuck
tig
tmux
tmux-xpanes
toast
tokei
tree
ttyd
tubekit
ufraw
vagrant-completion
vault
vendir
vim
w3m
watch
wdiff
wget
whois
xhyve
yabai
yarn
ydiff
yq
ytt
zsh
