# chunkwm
# chunkwm-blur
# docker
# docker-completion
# docker-compose-completion
# helm
# kubernetes-cli
# macvim
# rust
ack
1password-cli
1password
ansible
ansible-lint
archivemount
asciinema
asdf
autopep8
avfs
awless
aws-iam-authenticator
aws-shell
awscli
azure-cli
bash
bash-completion@2
bat
bat-extras
bats
bbl
bfg
binutils
blackbox
bosh-cli
bosh-init
brew-cask-completion
brew-pip
broot
browsh
calicoctl
cask
catimg
ccat
certbot
cf-cli
cfssl
chafa
chpharos
cmake
coffeescript
colordiff
consul-template
cookiecutter
coreutils
credhub-cli
csvkit
ctags
curl
dark-mode
dateutils
dep
direnv
displayplacer
dive
dnscrypt-proxy
docker-ls
ec2-ami-tools
ec2-api-tools
egison
eksctl
elktail
exa
exif
exiftool
faq
fd
fff
findutils
gawk
gcal
git
git-credential-manager
git-delta
git-quick-stats
git-secrets
gnu-getopt
gnu-sed
gnu-tar
gnu-time
go-jira
godep
golang
golangci-lint
goreleaser
gotags
gotty
graphicsmagick
graphviz
grc
gron
groovy
grv
hab
hadolint
helmenv
helmfile
helmsman
highlight
homeport/tap/dyff
htop
httpie
httpstat
hub
imagemagick
imgpkg
inframap
inlets
ipcalc
iproute2mac
jid
jj
jq
jruby
jsmin
jsonnet
jwt-cli
k3d
k9s
kakoune
kapp
kbenv
kbld
kind
kompose
kops
kube-aws
kubebuilder
kubectx
kustomize
kwt
lab
lazydocker
legit
lesspipe
lf
libmagic
libsecret
llvm
make
mas
mercurial
moreutils
mtr
ncdu
neofetch
neovim
ngrep
nmap
node
openshift-cli
openssl
operator-sdk
p7zip
packer
pdsh
peco
pet
pipenv
popeye
pre-commit
prettyping
pssh
pstree
pt
pulumi
pv
pyenv
pyenv-virtualenv
python
rancher-cli
ranger
rbac-lookup
reattach-to-user-namespace
remarshal
rename
ripgrep
rke
s3cmd
sampler
scrcpy
shellcheck
siege
sipcalc
skaffold
skhd
skopeo
socat
sops
source-highlight
speedtest-cli
starship
stern
tcptraceroute
telepresence
telnet
terraform
terraform-docs
terraform-ls
terragrunt
the_silver_searcher
thefuck
tig
tldr
tmux
tmux-xpanes
toast
tree
ttyd
tubekit
ufraw
vagrant-completion
vault
vendir
vim
w3m
watch
wdiff
wget
whois
xhyve
yabai
yarn
ydiff
yq
ytt
zsh
