# chunkwm
# chunkwm-blur
# macvim
ack
ansible
ansible-lint
archivemount
asciinema
autopep8
avfs
awless
aws-shell
awscli
azure-cli
bash
bash-completion@2
bat
bbl
bfg
binutils
blackbox
bosh-cli
bosh-init
brew-cask-completion
brew-pip
browsh
cask
ccat
certbot
cf-cli
cfssl
chpharos
cmake
coffeescript
colordiff
consul-template
cookiecutter
coreutils
credhub-cli
csvkit
ctags
curl
dark-mode
dateutils
dep
direnv
dive
dnscrypt-proxy
docker-completion
docker-compose-completion
docker-ls
ec2-ami-tools
ec2-api-tools
egison
elktail
exa
exif
exiftool
fd
findutils
gawk
gcal
git
git-quick-stats
git-secrets
gnu-getopt
gnu-sed
gnu-tar
godep
goreleaser
gotty
graphicsmagick
graphviz
grc
gron
groovy
grv
hab
hadolint
highlight
htop
httpie
httpstat
hub
imagemagick
ipcalc
iproute2mac
jid
jq
jruby
jsmin
jsonnet
k9s
kompose
kops
kube-aws
kubectx
kubernetes-cli
kubernetes-helm
kustomize
lab
lazydocker
legit
lesspipe
make
mas
moreutils
mtr
ncdu
neovim
ngrep
nmap
node
openshift-cli
openssl
operator-sdk
packer
pet
pipenv
pre-commit
prettyping
pssh
pulumi
pyenv
pyenv-virtualenv
python
rancher-cli
ranger
rbac-lookup
reattach-to-user-namespace
remarshal
rename
ripgrep
rke
rust
s3cmd
shellcheck
siege
skhd
skopeo
socat
sops
source-highlight
stern
telepresence
telnet
terraform
terraform-docs
terragrunt
the_silver_searcher
thefuck
tig
tldr
tmux
tmux-xpanes
tree
ttyd
ufraw
vagrant-completion
vault
vim
w3m
watch
wget
whois
xhyve
yabai
yarn
yq
