ack-grep
apt
asciinema
attr
bash
bash-completion
bat
binutils
binutils-gold
boost
busybox
bzip2
c-ares
ca-certificates
clang
cmake
colordiff
command-not-found
coreutils
ctags
curl
dash
debianutils
dialog
diffutils
dnsutils
dos2unix
dpkg
dust
ed
exa
fd
file
findutils
fzf
gawk
gdbm
gettext
gh
git
git-delta
glib
glow
gnupg
golang
gpgv
grep
groff
gzip
helm
hors
htop-legacy
inetutils
jq
jsoncpp
kakoune
krb5
kubectl
ldns
less
libandroid-glob
libandroid-posix-semaphore
libandroid-support
libarchive
libassuan
libbsd
libbz2
libc++
libcap
libcap-ng
libcompiler-rt
libcroco
libcrypt
libcurl
libdb
libedit
libevent
libexpat
libffi
libgc
libgcrypt
libgit2
libgmp
libgnutls
libgpg-error
libiconv
libicu
libidn
libidn2
libjansson
libksba
libllvm
liblua53
libluajit
liblz4
liblzma
libmpfr
libmsgpack
libnettle
libnghttp2
libnpth
libpcap
libprotobuf
libresolv-wrapper
libsqlite
libssh2
libtalloc
libtermkey
libtirpc
libtreesitter
libunibilium
libunistring
libuuid
libuv
libvterm
libxml2
libyaml
lld
llvm
lsof
luv
make
man
mlocate
mosh
nano
ncdu
ncurses
ncurses-ui-libs
ncurses-utils
ndk-sysroot
neofetch
neovim
net-tools
netcat-openbsd
nmap
nmap-ncat
nodejs-lts
oniguruma
openssh
openssl
openssl-1.1
openssl-tool
patch
pcre
pcre2
perl
pinentry
pkg-config
procps
proot
psmisc
pv
python
python2
ranger
readline
resolv-conf
rhash
ripgrep
ruby
runit
rust
screenfetch
sed
silversearcher-ag
starship
tar
termux-am
termux-am-socket
termux-api
termux-auth
termux-elf-cleaner
termux-exec
termux-keyring
termux-licenses
termux-services
termux-tools
tmux
tracepath
tree
tsu
unbound
unzip
util-linux
vim-python
vim-runtime
w3m
wget
xxhash
xz-utils
yarn
yq
zlib
zsh
