ack-grep
apt
asciinema
bash
bash-completion
bat
binutils
binutils-gold
boost
busybox
bzip2
c-ares
ca-certificates
clang
cmake
colordiff
command-not-found
coreutils
curl
dash
diffutils
dnsutils
dpkg
exa
fd
file
findutils
fzf
game-repo
gawk
gdbm
gettext
git
glib
gnupg
golang
gpgv
grep
gzip
htop
inetutils
jq
jsoncpp
krb5
ldns
less
libandroid-glob
libandroid-support
libarchive
libassuan
libbz2
libc++
libcroco
libcrypt
libcurl
libdb
libedit
libevent
libexpat
libffi
libgc
libgcrypt
libgmp
libgpg-error
libiconv
libicu
libidn
libksba
libllvm
liblua
liblzma
libmpfr
libmsgpack
libnghttp2
libnpth
libpcap
libprotobuf
libsqlite
libssh2
libtalloc
libtermkey
libunibilium
libunistring
libuuid
libuv
libvterm
libxml2
libyaml
make
man
mlocate
mosh
ncdu
ncurses
ncurses-ui-libs
ncurses-utils
ndk-sysroot
neofetch
neovim
net-tools
netcat
nmap
nodejs-lts
openssh
openssl
openssl-tool
pcre
pcre2
perl
pinentry
procps
proot
python
python2
ranger
readline
resolv-conf
rhash
ripgrep
ruby
science-repo
screenfetch
sed
silversearcher-ag
tar
termux-am
termux-api
termux-auth
termux-elf-cleaner
termux-exec
termux-keyring
termux-licenses
termux-tools
tmux
tracepath
tree
util-linux
vim-python
vim-runtime
w3m
wget
xz-utils
yarn
zlib
