brainfit.vscode-importmagic
castwide.solargraph
casualjim.gotemplate
chef-software.chef
DavidAnson.vscode-markdownlint
dbaeumer.vscode-eslint
DotJoshJohnson.xml
dracula-theme.theme-dracula
dunstontc.viml
eamodio.gitlens
erd0s.terraform-autocomplete
file-icons.file-icons
formulahendry.code-runner
GitHub.github-vscode-theme
golang.go
haaaad.ansible
hashicorp.terraform
huizhou.githd
in4margaret.compareit
ipedrazas.kubernetes-snippets
jetmartin.bats
joshpeng.theme-tomorrowkit-sublime
letmaik.git-tree-compare
loganarnett.tf-snippets
magicstack.MagicPython
MaoSantaella.night-wolf
marquesmps.dockerfile-validator
mhutchie.git-graph
mindginative.terraform-snippets
misogi.ruby-rubocop
mrcrowl.hg
ms-azuretools.vscode-docker
ms-kubernetes-tools.vscode-kubernetes-tools
ms-python.python
ms-vscode-remote.remote-containers
ms-vscode.atom-keybindings
ms-vscode.azurecli
nhoizey.gremlins
p1c2u.docker-compose
rebornix.ruby
redhat.vscode-yaml
ryu1kn.partial-diff
swjh.base16-leaf-tomorrow-vscode
technosophos.vscode-helm
thomas-baumgaertner.vcl
vscode-icons-team.vscode-icons
vscodevim.vim
wingrunr21.vscode-ruby
zhuangtongfa.material-theme
